// Vitest Snapshot v1, https://vitest.dev/guide/snapshot.html

exports[`PublicJournalEntry Component > renders correctly and matches snapshot 1`] = `
<DocumentFragment>
  <article
    aria-labelledby="review-title-Amazing Experience"
    class="_reviewCard_1b1c0f"
    role="region"
  >
    <header>
      <h3
        class="_reviewTitle_1b1c0f"
        id="review-title-Amazing Experience"
      >
        Amazing Experience
      </h3>
      <p
        class="_reviewDate_1b1c0f"
      >
        2024-11-20
      </p>
    </header>
    <div
      class="_reviewInfo_1b1c0f"
    >
      <p
        aria-description="Rating: 5 out of 5 stars"
        class="_reviewRating_1b1c0f"
      >
        <svg
          aria-hidden="true"
          class="svg-inline--fa fa-star _starIcon_1b1c0f"
          data-icon="star"
          data-prefix="fas"
          focusable="false"
          role="img"
          viewBox="0 0 576 512"
          xmlns="http://www.w3.org/2000/svg"
        >
          <path
            d="M316.9 18C311.6 7 300.4 0 288.1 0s-23.4 7-28.8 18L195 150.3 51.4 171.5c-12 1.8-22 10.2-25.7 21.7s-.7 24.2 7.9 32.7L137.8 329 113.2 474.7c-2 12 3 24.2 12.9 31.3s23 8 33.8 2.3l128.3-68.5 128.3 68.5c10.8 5.7 23.9 4.9 33.8-2.3s14.9-19.3 12.9-31.3L438.5 329 542.7 225.9c8.6-8.5 11.7-21.2 7.9-32.7s-13.7-19.9-25.7-21.7L381.2 150.3 316.9 18z"
            fill="currentColor"
          />
        </svg>
        5/5
      </p>
      <p
        class="_user_1b1c0f"
      >
        <svg
          aria-hidden="true"
          fill="currentColor"
          height="1em"
          stroke="currentColor"
          stroke-width="0"
          viewBox="0 0 640 512"
          width="1em"
          xmlns="http://www.w3.org/2000/svg"
        >
          <path
            d="M224 256A128 128 0 1 0 224 0a128 128 0 1 0 0 256zm-45.7 48C79.8 304 0 383.8 0 482.3C0 498.7 13.3 512 29.7 512H322.8c-3.1-8.8-3.7-18.4-1.4-27.8l15-60.1c2.8-11.3 8.6-21.5 16.8-29.7l40.3-40.3c-32.1-31-75.7-50.1-123.9-50.1H178.3zm435.5-68.3c-15.6-15.6-40.9-15.6-56.6 0l-29.4 29.4 71 71 29.4-29.4c15.6-15.6 15.6-40.9 0-56.6l-14.4-14.4zM375.9 417c-4.1 4.1-7 9.2-8.4 14.9l-15 60.1c-1.4 5.5 .2 11.2 4.2 15.2s9.7 5.6 15.2 4.2l60.1-15c5.6-1.4 10.8-4.3 14.9-8.4L576.1 358.7l-71-71L375.9 417z"
          />
        </svg>
        traveler123
      </p>
    </div>
    <div
      aria-label="Review text"
      class="_reviewInfoBox_1b1c0f"
      role="contentinfo"
    >
      <p
        aria-expanded="false"
        class="_reviewText_1b1c0f"
        id="review-text-Amazing Experience"
      >
        This experience was absolutely wonderful and unforgettable. The journey was packed with excitement a...
      </p>
      <button
        aria-controls="review-text-Amazing Experience"
        aria-expanded="false"
        aria-label="Expand review text"
        class="_readMoreButton_1b1c0f"
      >
        Read More
      </button>
    </div>
  </article>
</DocumentFragment>
`;
