// Vitest Snapshot v1, https://vitest.dev/guide/snapshot.html

exports[`MyJournals > renders correctly and matches snapshot 1`] = `
<DocumentFragment>
  <main>
    <nav
      aria-label="Main Navigation"
      class="_navbar_278c00"
      role="navigation"
    >
      <svg
        aria-label="Open Mobile Menu"
        class="_hamburgmenu_278c00"
        fill="none"
        height="1em"
        stroke="currentColor"
        stroke-width="0"
        viewBox="0 0 15 15"
        width="1em"
        xmlns="http://www.w3.org/2000/svg"
      >
        <path
          clip-rule="evenodd"
          d="M1.5 3C1.22386 3 1 3.22386 1 3.5C1 3.77614 1.22386 4 1.5 4H13.5C13.7761 4 14 3.77614 14 3.5C14 3.22386 13.7761 3 13.5 3H1.5ZM1 7.5C1 7.22386 1.22386 7 1.5 7H13.5C13.7761 7 14 7.22386 14 7.5C14 7.77614 13.7761 8 13.5 8H1.5C1.22386 8 1 7.77614 1 7.5ZM1 11.5C1 11.2239 1.22386 11 1.5 11H13.5C13.7761 11 14 11.2239 14 11.5C14 11.7761 13.7761 12 13.5 12H1.5C1.22386 12 1 11.7761 1 11.5Z"
          fill="currentColor"
          fill-rule="evenodd"
        />
      </svg>
      <a
        class="_navTitle_278c00"
        href="/"
      >
        <p>
          WorldExplore
        </p>
      </a>
      <div
        class="_navlinks_278c00"
      >
        <a
          class="_navlink_278c00"
          href="/ExploreCountries"
        >
          <svg
            aria-hidden="true"
            class="_search_278c00"
            fill="currentColor"
            height="1em"
            stroke="currentColor"
            stroke-width="0"
            viewBox="0 0 24 24"
            width="1em"
            xmlns="http://www.w3.org/2000/svg"
          >
            <path
              d="M10.25 2a8.25 8.25 0 0 1 6.34 13.53l5.69 5.69a.749.749 0 0 1-.326 1.275.749.749 0 0 1-.734-.215l-5.69-5.69A8.25 8.25 0 1 1 10.25 2ZM3.5 10.25a6.75 6.75 0 1 0 13.5 0 6.75 6.75 0 0 0-13.5 0Z"
            />
          </svg>
          <p>
            Explore Countries
          </p>
        </a>
        <a
          class="_navlink_278c00"
          href="/MyJournals"
        >
          <svg
            aria-hidden="true"
            class="_pin_278c00"
            fill="none"
            height="1em"
            stroke="currentColor"
            stroke-linecap="round"
            stroke-linejoin="round"
            stroke-width="2"
            viewBox="0 0 24 24"
            width="1em"
            xmlns="http://www.w3.org/2000/svg"
          >
            <path
              d="M20 10c0 6-8 12-8 12s-8-6-8-12a8 8 0 0 1 16 0Z"
            />
            <circle
              cx="12"
              cy="10"
              r="3"
            />
          </svg>
          <p>
            My Journals
          </p>
        </a>
        <svg
          aria-label="Open Profile Menu"
          class="_profile_278c00"
          fill="none"
          height="1em"
          stroke="currentColor"
          stroke-width="0"
          viewBox="0 0 24 24"
          width="1em"
          xmlns="http://www.w3.org/2000/svg"
        >
          <path
            clip-rule="evenodd"
            d="M16 9C16 11.2091 14.2091 13 12 13C9.79086 13 8 11.2091 8 9C8 6.79086 9.79086 5 12 5C14.2091 5 16 6.79086 16 9ZM14 9C14 10.1046 13.1046 11 12 11C10.8954 11 10 10.1046 10 9C10 7.89543 10.8954 7 12 7C13.1046 7 14 7.89543 14 9Z"
            fill="currentColor"
            fill-rule="evenodd"
          />
          <path
            clip-rule="evenodd"
            d="M12 1C5.92487 1 1 5.92487 1 12C1 18.0751 5.92487 23 12 23C18.0751 23 23 18.0751 23 12C23 5.92487 18.0751 1 12 1ZM3 12C3 14.0902 3.71255 16.014 4.90798 17.5417C6.55245 15.3889 9.14627 14 12.0645 14C14.9448 14 17.5092 15.3531 19.1565 17.4583C20.313 15.9443 21 14.0524 21 12C21 7.02944 16.9706 3 12 3C7.02944 3 3 7.02944 3 12ZM12 21C9.84977 21 7.87565 20.2459 6.32767 18.9878C7.59352 17.1812 9.69106 16 12.0645 16C14.4084 16 16.4833 17.1521 17.7538 18.9209C16.1939 20.2191 14.1881 21 12 21Z"
            fill="currentColor"
            fill-rule="evenodd"
          />
        </svg>
      </div>
    </nav>
  </main>
  <main
    class="_container_5b0c23"
  >
    <header
      class="_header_5b0c23"
    >
      <h1
        class="_pageTitle_5b0c23"
      >
        Captured Adventures
      </h1>
      <div
        aria-label="Journal Tabs"
        class="_tabs_5b0c23"
        role="tablist"
      >
        <button
          aria-controls="journals-panel"
          aria-selected="true"
          class="_tabButton_5b0c23 _active_5b0c23"
          id="journals-tab"
          role="tab"
        >
          Journal Entries
        </button>
        <button
          aria-controls="unwritten-panel"
          aria-selected="false"
          class="_tabButton_5b0c23 "
          id="unwritten-tab"
          role="tab"
        >
          Unwritten Adventures
        </button>
      </div>
    </header>
    <p
      class="_subtitle_5b0c23"
    >
      Your travel stories, captured and cherished forever.
    </p>
    <section
      aria-labelledby="journals-tab"
      class="_grid_5b0c23"
      id="journals-panel"
      role="tabpanel"
    >
      <div
        class="_cardWrapper_be814f"
      >
        <section
          aria-label="Journal card for Aountry1"
          class="_card_be814f"
        >
          <div
            class="_verticalStrip_be814f"
          />
          <img
            alt="Image of Aountry1"
            class="_cardImage_be814f"
            src="https://images.pexels.com/photos/346529/pexels-photo-346529.jpeg"
          />
          <div
            class="_overlayText_be814f"
          >
            Read Journal
          </div>
        </section>
        <div
          class="_cardText_be814f"
        >
          <p
            class="_cardTitle_be814f"
          >
            Aountry1
          </p>
          <p
            class="_cardDate_be814f"
          >
            2023-01-12
          </p>
        </div>
      </div>
      <div
        class="_cardWrapper_be814f"
      >
        <section
          aria-label="Journal card for Bountry2"
          class="_card_be814f"
        >
          <div
            class="_verticalStrip_be814f"
          />
          <img
            alt="Image of Bountry2"
            class="_cardImage_be814f"
            src="https://images.pexels.com/photos/346529/pexels-photo-346529.jpeg"
          />
          <div
            class="_overlayText_be814f"
          >
            Read Journal
          </div>
        </section>
        <div
          class="_cardText_be814f"
        >
          <p
            class="_cardTitle_be814f"
          >
            Bountry2
          </p>
          <p
            class="_cardDate_be814f"
          >
            2023-01-12
          </p>
        </div>
      </div>
      <div
        class="_cardWrapper_be814f"
      >
        <section
          aria-label="Journal card for Country3"
          class="_card_be814f"
        >
          <div
            class="_verticalStrip_be814f"
          />
          <img
            alt="Image of Country3"
            class="_cardImage_be814f"
            src="https://images.pexels.com/photos/346529/pexels-photo-346529.jpeg"
          />
          <div
            class="_overlayText_be814f"
          >
            Read Journal
          </div>
        </section>
        <div
          class="_cardText_be814f"
        >
          <p
            class="_cardTitle_be814f"
          >
            Country3
          </p>
          <p
            class="_cardDate_be814f"
          >
            2023-01-12
          </p>
        </div>
      </div>
      <div
        class="_cardWrapper_be814f"
      >
        <section
          aria-label="Journal card for Dountry4"
          class="_card_be814f"
        >
          <div
            class="_verticalStrip_be814f"
          />
          <img
            alt="Image of Dountry4"
            class="_cardImage_be814f"
            src="https://images.pexels.com/photos/346529/pexels-photo-346529.jpeg"
          />
          <div
            class="_overlayText_be814f"
          >
            Read Journal
          </div>
        </section>
        <div
          class="_cardText_be814f"
        >
          <p
            class="_cardTitle_be814f"
          >
            Dountry4
          </p>
          <p
            class="_cardDate_be814f"
          >
            2023-01-12
          </p>
        </div>
      </div>
      <div
        class="_cardWrapper_be814f"
      >
        <section
          aria-label="Journal card for Eountry5"
          class="_card_be814f"
        >
          <div
            class="_verticalStrip_be814f"
          />
          <img
            alt="Image of Eountry5"
            class="_cardImage_be814f"
            src="https://images.pexels.com/photos/346529/pexels-photo-346529.jpeg"
          />
          <div
            class="_overlayText_be814f"
          >
            Read Journal
          </div>
        </section>
        <div
          class="_cardText_be814f"
        >
          <p
            class="_cardTitle_be814f"
          >
            Eountry5
          </p>
          <p
            class="_cardDate_be814f"
          >
            2023-01-12
          </p>
        </div>
      </div>
      <div
        class="_cardWrapper_be814f"
      >
        <section
          aria-label="Journal card for Fountry6"
          class="_card_be814f"
        >
          <div
            class="_verticalStrip_be814f"
          />
          <img
            alt="Image of Fountry6"
            class="_cardImage_be814f"
            src="https://images.pexels.com/photos/346529/pexels-photo-346529.jpeg"
          />
          <div
            class="_overlayText_be814f"
          >
            Read Journal
          </div>
        </section>
        <div
          class="_cardText_be814f"
        >
          <p
            class="_cardTitle_be814f"
          >
            Fountry6
          </p>
          <p
            class="_cardDate_be814f"
          >
            2023-01-12
          </p>
        </div>
      </div>
      <div
        class="_cardWrapper_be814f"
      >
        <section
          aria-label="Journal card for Gountry7"
          class="_card_be814f"
        >
          <div
            class="_verticalStrip_be814f"
          />
          <img
            alt="Image of Gountry7"
            class="_cardImage_be814f"
            src="https://images.pexels.com/photos/346529/pexels-photo-346529.jpeg"
          />
          <div
            class="_overlayText_be814f"
          >
            Read Journal
          </div>
        </section>
        <div
          class="_cardText_be814f"
        >
          <p
            class="_cardTitle_be814f"
          >
            Gountry7
          </p>
          <p
            class="_cardDate_be814f"
          >
            2023-01-12
          </p>
        </div>
      </div>
      <div
        class="_cardWrapper_be814f"
      >
        <section
          aria-label="Journal card for Hountry8"
          class="_card_be814f"
        >
          <div
            class="_verticalStrip_be814f"
          />
          <img
            alt="Image of Hountry8"
            class="_cardImage_be814f"
            src="https://images.pexels.com/photos/346529/pexels-photo-346529.jpeg"
          />
          <div
            class="_overlayText_be814f"
          >
            Read Journal
          </div>
        </section>
        <div
          class="_cardText_be814f"
        >
          <p
            class="_cardTitle_be814f"
          >
            Hountry8
          </p>
          <p
            class="_cardDate_be814f"
          >
            2023-01-12
          </p>
        </div>
      </div>
      <div
        class="_cardWrapper_be814f"
      >
        <section
          aria-label="Journal card for Iountry9"
          class="_card_be814f"
        >
          <div
            class="_verticalStrip_be814f"
          />
          <img
            alt="Image of Iountry9"
            class="_cardImage_be814f"
            src="https://images.pexels.com/photos/346529/pexels-photo-346529.jpeg"
          />
          <div
            class="_overlayText_be814f"
          >
            Read Journal
          </div>
        </section>
        <div
          class="_cardText_be814f"
        >
          <p
            class="_cardTitle_be814f"
          >
            Iountry9
          </p>
          <p
            class="_cardDate_be814f"
          >
            2023-01-12
          </p>
        </div>
      </div>
      <div
        class="_cardWrapper_be814f"
      >
        <section
          aria-label="Journal card for Jountry10"
          class="_card_be814f"
        >
          <div
            class="_verticalStrip_be814f"
          />
          <img
            alt="Image of Jountry10"
            class="_cardImage_be814f"
            src="https://images.pexels.com/photos/346529/pexels-photo-346529.jpeg"
          />
          <div
            class="_overlayText_be814f"
          >
            Read Journal
          </div>
        </section>
        <div
          class="_cardText_be814f"
        >
          <p
            class="_cardTitle_be814f"
          >
            Jountry10
          </p>
          <p
            class="_cardDate_be814f"
          >
            2023-01-12
          </p>
        </div>
      </div>
    </section>
    <section
      aria-labelledby="unwritten-tab"
      class="_grid_5b0c23"
      hidden=""
      id="unwritten-panel"
      role="tabpanel"
    />
  </main>
</DocumentFragment>
`;
