// Vitest Snapshot v1, https://vitest.dev/guide/snapshot.html

exports[`Search Component Tests > renders the search input and icon correctly 1`] = `
<DocumentFragment>
  <main
    class="_searchcontainer_a9d8a5"
  >
    <input
      aria-label="Search countries"
      class="_input_a9d8a5"
      placeholder="Search after countries..."
      type="text"
    />
    <svg
      aria-label="Click to search"
      class="_searchicon_a9d8a5"
      fill="currentColor"
      height="1em"
      role="button"
      stroke="currentColor"
      stroke-width="0"
      tabindex="0"
      viewBox="0 0 24 24"
      width="1em"
      xmlns="http://www.w3.org/2000/svg"
    >
      <path
        d="M10.25 2a8.25 8.25 0 0 1 6.34 13.53l5.69 5.69a.749.749 0 0 1-.326 1.275.749.749 0 0 1-.734-.215l-5.69-5.69A8.25 8.25 0 1 1 10.25 2ZM3.5 10.25a6.75 6.75 0 1 0 13.5 0 6.75 6.75 0 0 0-13.5 0Z"
      />
    </svg>
  </main>
</DocumentFragment>
`;
